[lasthaiku.wikidot.com/index.html]
[backblue.gif]
[fade.gif]
[index.html]
[d3g0gp89917ko0.cloudfront.net/v--edac79f846ba/common--javascript/WIKIDOT.combined.js]
[d3g0gp89917ko0.cloudfront.net/v--edac79f846ba/common--theme/base/css/style.css]
[d3g0gp89917ko0.cloudfront.net/v--edac79f846ba/common--javascript/init.combined.js]
[lasthaiku.wdfiles.com/local--theme/mine/style.css]
[lasthaiku.wikidot.com/local--favicon/favicon.gif]
[lasthaiku.wikidot.com/common--images/apple-touch-icon-57x57.png]
[lasthaiku.wikidot.com/common--images/apple-touch-icon-72x72.png]
[lasthaiku.wikidot.com/common--images/apple-touch-icon-114x114.png]
[lasthaiku.wikidot.com/start.html]
[lasthaiku.wikidot.com/book-of-air.html]
[lasthaiku.wikidot.com/history.html]
[lasthaiku.wikidot.com/religion.html]
[lasthaiku.wikidot.com/bushido.html]
[lasthaiku.wikidot.com/people.html]
[lasthaiku.wikidot.com/book-of-earth.html]
[lasthaiku.wikidot.com/character-creation.html]
[lasthaiku.wikidot.com/families.html]
[lasthaiku.wikidot.com/schools.html]
[lasthaiku.wikidot.com/advantages.html]
[lasthaiku.wikidot.com/disadvantages.html]
[lasthaiku.wikidot.com/ancestors.html]
[lasthaiku.wikidot.com/skills.html]
[lasthaiku.wikidot.com/book-of-fire.html]
[lasthaiku.wikidot.com/book-of-water.html]
[lasthaiku.wikidot.com/book-of-the-void.html]
[lasthaiku.wikidot.com/magic.html]
[lasthaiku.wikidot.com/universal-spells.html]
[lasthaiku.wikidot.com/air-spells.html]
[lasthaiku.wikidot.com/earth-spells.html]
[lasthaiku.wikidot.com/fire-spells.html]
[lasthaiku.wikidot.com/water-spells.html]
[lasthaiku.wikidot.com/void-spells.html]
[lasthaiku.wikidot.com/kiho.html]
[lasthaiku.wikidot.com/_admin.html]
[lasthaiku.wikidot.com/nav_side/edit/true.html]
[lasthaiku.wikidot.com/percrab.24.delayed]
[lasthaiku.wikidot.com/percrane.25.delayed]
[lasthaiku.wikidot.com/perdragon.26.delayed]
[lasthaiku.wikidot.com/perlion.27.delayed]
[lasthaiku.wikidot.com/permantis.28.delayed]
[lasthaiku.wikidot.com/perphoenix.29.delayed]
[lasthaiku.wikidot.com/perscorpion.2a.delayed]
[lasthaiku.wikidot.com/perspider.2b.delayed]
[lasthaiku.wikidot.com/perunicorn.2c.delayed]
[lasthaiku.wikidot.com/perminor.2d.delayed]
[lasthaiku.wikidot.com/perimperial.2e.delayed]
[lasthaiku.wikidot.com/perother.2f.delayed]
[lasthaiku.wdfiles.com/local--files/start/haiku.jpg]
[pixel.quantserve.com/pixel/p-edL3gsnUjJzw-.gif]
[lasthaiku.wikidot.com/index.html]
[d3g0gp89917ko0.cloudfront.net/v--edac79f846ba/common--theme/base/images/background/opacity2.png]
[d3g0gp89917ko0.cloudfront.net/v--edac79f846ba/common--theme/base/images/progress/progresscircle.gif]
[d3g0gp89917ko0.cloudfront.net/v--edac79f846ba/common--theme/base/images/progress/progressbar.gif]
[d3g0gp89917ko0.cloudfront.net/v--edac79f846ba/common--javascript/yahooui/assets/sprite.png]
[d3g0gp89917ko0.cloudfront.net/v--edac79f846ba/common--theme/base/images/editor/icons1.png]
[d3g0gp89917ko0.cloudfront.net/v--edac79f846ba/common--theme/base/images/editor/icons3.png]
[d3g0gp89917ko0.cloudfront.net/v--edac79f846ba/common--theme/base/images/shade2_n.png]
[d3g0gp89917ko0.cloudfront.net/v--edac79f846ba/common--images/navibar/logo20.png]
[d3g0gp89917ko0.cloudfront.net/v--edac79f846ba/common--theme/base/images/cool-button-gradient.png]
[d3g0gp89917ko0.cloudfront.net/v--edac79f846ba/common--theme/base/css/style.css]
[lasthaiku.wdfiles.com/common--theme/base/css/text_highlighter.3c.delayed]
[lasthaiku.wdfiles.com/common--theme/base/css/autocomplete.3d.delayed]
[lasthaiku.wdfiles.com/common--theme/base/css/forum.3e.delayed]
[lasthaiku.wdfiles.com/common--theme/base/css/editor.3f.delayed]
[lasthaiku.wdfiles.com/common--theme/base/css/odialog.40.delayed]
[lasthaiku.wdfiles.com/local--files/stefhen/logo.jpg]
[themes.wdfiles.com/local--files/semi-trans/semi-transbgtransparent.png]
[lasthaiku.wdfiles.com/local--theme/mine/style.css]
[lasthaiku.wikidot.com/start.html]
[lasthaiku.wdfiles.com/local--files/book-of-air/air.gif]
[lasthaiku.wikidot.com/book-of-air.html]
[lasthaiku.wikidot.com/history.html]
[lasthaiku.wikidot.com/religion.html]
[lasthaiku.wikidot.com/bushido.html]
[lasthaiku.wikidot.com/people.html]
[lasthaiku.wdfiles.com/local--files/book-of-earth/earth.gif]
[lasthaiku.wikidot.com/book-of-earth.html]
[lasthaiku.wikidot.com/heritage.46.delayed]
[lasthaiku.wikidot.com/character-creation.html]
[lasthaiku.wikidot.com/chargen.html]
[lasthaiku.wikidot.com/fcrab.html]
[lasthaiku.wikidot.com/fcrane.html]
[lasthaiku.wikidot.com/fdragon.html]
[lasthaiku.wikidot.com/flion.html]
[lasthaiku.wikidot.com/fmantis.html]
[lasthaiku.wikidot.com/fphoenix.html]
[lasthaiku.wikidot.com/fscorpion.html]
[lasthaiku.wikidot.com/fspider.html]
[lasthaiku.wikidot.com/funicorn.html]
[lasthaiku.wikidot.com/fminor.html]
[lasthaiku.wikidot.com/fimperial.html]
[lasthaiku.wikidot.com/families.html]
[lasthaiku.wikidot.com/fronin.html]
[lasthaiku.wikidot.com/sccrab.html]
[lasthaiku.wikidot.com/sccrane.html]
[lasthaiku.wikidot.com/scdragon.html]
[lasthaiku.wikidot.com/sclion.html]
[lasthaiku.wikidot.com/scmantis.html]
[lasthaiku.wikidot.com/scphoenix.html]
[lasthaiku.wikidot.com/scscorpion.html]
[lasthaiku.wikidot.com/scspider.html]
[lasthaiku.wikidot.com/scunicorn.html]
[lasthaiku.wikidot.com/scminor.html]
[lasthaiku.wikidot.com/scimperial.html]
[lasthaiku.wikidot.com/scronin.html]
[lasthaiku.wikidot.com/schools.html]
[lasthaiku.wikidot.com/advantages.html]
[lasthaiku.wikidot.com/disadvantages.html]
[lasthaiku.wikidot.com/ancestors.html]
[lasthaiku.wikidot.com/scmisc.html]
[lasthaiku.wikidot.com/scmonk.html]
[lasthaiku.wikidot.com/high-skills.html]
[lasthaiku.wikidot.com/bugei-skills.html]
[lasthaiku.wikidot.com/merchant-skills.html]
[lasthaiku.wikidot.com/skills.html]
[lasthaiku.wikidot.com/low-skills.html]
[lasthaiku.wdfiles.com/local--files/book-of-fire/fire.gif]
[lasthaiku.wikidot.com/book-of-fire.html]
[lasthaiku.wdfiles.com/local--files/book-of-water/water.gif]
[lasthaiku.wikidot.com/book-of-water.html]
[lasthaiku.wdfiles.com/local--files/book-of-the-void/void.gif]
[lasthaiku.wikidot.com/book-of-the-void.html]
[lasthaiku.wikidot.com/magic.html]
[lasthaiku.wikidot.com/universal-spells.html]
[lasthaiku.wikidot.com/air-spells.html]
[lasthaiku.wikidot.com/earth-spells.html]
[lasthaiku.wikidot.com/fire-spells.html]
[lasthaiku.wikidot.com/water-spells.html]
[lasthaiku.wikidot.com/void-spells.html]
[lasthaiku.wikidot.com/kiho.html]
[d3g0gp89917ko0.cloudfront.net/v--edac79f846ba/common--javascript/bootstrap.min.js]
[d3g0gp89917ko0.cloudfront.net/v--edac79f846ba/common--javascript/bootstrap-filestyle.min.js]
[d3g0gp89917ko0.cloudfront.net/v--edac79f846ba/common--theme/bootstrap.css]
[d3g0gp89917ko0.cloudfront.net/v--edac79f846ba/common--theme/bootstrap-responsive.css]
[d3g0gp89917ko0.cloudfront.net/v--edac79f846ba/common--theme/animate.css]
[d3g0gp89917ko0.cloudfront.net/v--edac79f846ba/common--theme/bootstrap-base/css/style.css]
[d3g0gp89917ko0.cloudfront.net/v--edac79f846ba/common--modules/css/managesite/ManageSiteModule.css]
[d3g0gp89917ko0.cloudfront.net/v--edac79f846ba/common--modules/css/monetize/textlinkads/MonetizeTextLinkAdsModule.css]
[d3g0gp89917ko0.cloudfront.net/v--edac79f846ba/common--fonts/awesome/3.2.1/font-awesome.min.css]
[lasthaiku.wikidot.com/common--images/apple-touch-icon-57x57.72.delayed]
[lasthaiku.wikidot.com/common--images/top-bar-logo.png]
[lasthaiku.wikidot.com/common--images/404_homer.png]
[d3g0gp89917ko0.cloudfront.net/v--edac79f846ba/common--modules/js/managesite/ManageSiteModule.js]
[lasthaiku.wikidot.com/_admin.html]
[lasthaiku.wikidot.com/nav_side/edit/true.html]
[lasthaiku.wikidot.com/percrab.html]
[lasthaiku.wikidot.com/percrane.html]
[lasthaiku.wikidot.com/perdragon.html]
[lasthaiku.wikidot.com/perlion.html]
[lasthaiku.wikidot.com/permantis.html]
[lasthaiku.wikidot.com/perphoenix.html]
[lasthaiku.wikidot.com/perscorpion.html]
[lasthaiku.wikidot.com/perspider.html]
[lasthaiku.wikidot.com/perunicorn.html]
[lasthaiku.wikidot.com/perminor.html]
[lasthaiku.wikidot.com/perimperial.html]
[lasthaiku.wikidot.com/perother.html]
[lasthaiku.wdfiles.com/common--theme/base/css/text_highlighter.html]
[lasthaiku.wdfiles.com/common--theme/base/css/autocomplete.html]
[lasthaiku.wdfiles.com/common--theme/base/css/forum.html]
[lasthaiku.wdfiles.com/common--theme/base/css/editor.html]
[lasthaiku.wdfiles.com/common--theme/base/css/odialog.html]
[lasthaiku.wikidot.com/heritage.html]
[lasthaiku.wikidot.com/20-questions.html]
[lasthaiku.wikidot.com/traits.77.delayed]
[lasthaiku.wikidot.com/chargen.html]
[lasthaiku.wikidot.com/fcrab.html]
[lasthaiku.wikidot.com/fcrane.html]
[lasthaiku.wikidot.com/fdragon.html]
[lasthaiku.wikidot.com/flion.html]
[lasthaiku.wikidot.com/fmantis.html]
[lasthaiku.wikidot.com/fphoenix.html]
[lasthaiku.wikidot.com/fscorpion.html]
[lasthaiku.wikidot.com/fspider.html]
[lasthaiku.wikidot.com/funicorn.html]
[lasthaiku.wikidot.com/fminor.html]
[lasthaiku.wikidot.com/fimperial.html]
[lasthaiku.wikidot.com/fronin.html]
[lasthaiku.wikidot.com/sccrab.html]
[lasthaiku.wikidot.com/sccrane.html]
[lasthaiku.wikidot.com/scdragon.html]
[lasthaiku.wikidot.com/sclion.html]
[lasthaiku.wikidot.com/scmantis.html]
[lasthaiku.wikidot.com/scphoenix.html]
[lasthaiku.wikidot.com/scscorpion.html]
[lasthaiku.wikidot.com/scspider.html]
[lasthaiku.wikidot.com/scunicorn.html]
[lasthaiku.wikidot.com/scminor.html]
[lasthaiku.wikidot.com/scimperial.html]
[lasthaiku.wikidot.com/scmonk.html]
[lasthaiku.wikidot.com/scronin.html]
[lasthaiku.wikidot.com/scmisc.html]
[lasthaiku.wikidot.com/high-skills.html]
[lasthaiku.wikidot.com/bugei-skills.html]
[lasthaiku.wikidot.com/merchant-skills.html]
[lasthaiku.wikidot.com/low-skills.html]
[lasthaiku.wikidot.com/tattoos.html]
[d3g0gp89917ko0.cloudfront.net/v--edac79f846ba/common--theme/bootstrap.css]
[d3g0gp89917ko0.cloudfront.net/v--edac79f846ba/common--theme/bootstrap-responsive.css]
[d3g0gp89917ko0.cloudfront.net/v--edac79f846ba/common--theme/animate.css]
[d3g0gp89917ko0.cloudfront.net/v--edac79f846ba/common--theme/bootstrap-base/images/editor/icons1.png]
[d3g0gp89917ko0.cloudfront.net/v--edac79f846ba/common--theme/bootstrap-base/images/editor/icons3.png]
[d3g0gp89917ko0.cloudfront.net/v--edac79f846ba/common--theme/bootstrap-base/images/progress/progressbar.gif]
[d3g0gp89917ko0.cloudfront.net/v--edac79f846ba/common--theme/bootstrap-base/css/style.css]
[d3g0gp89917ko0.cloudfront.net/v--edac79f846ba/common--modules/css/managesite/ManageSiteModule.css]
[d3g0gp89917ko0.cloudfront.net/v--edac79f846ba/common--modules/css/monetize/textlinkads/MonetizeTextLinkAdsModule.css]
[d3g0gp89917ko0.cloudfront.net/v--edac79f846ba/common--fonts/awesome/3.2.1/font-awesome.min.css]
[lasthaiku.wikidot.com/common--images/apple-touch-icon-57x57.html]
[lasthaiku.wikidot.com/20-questions.html]
[lasthaiku.wikidot.com/traits.html]
[lasthaiku.wikidot.com/tattoos.html]
[d3g0gp89917ko0.cloudfront.net/common--images/glyphicons-halflings.png]
[d3g0gp89917ko0.cloudfront.net/common--images/glyphicons-halflings-white.png]
[www.napyfab.com/ajax-indicators/images/indicator_medium.gif]
